Waiting for vehicle connection...
Connected.
Waiting for local position and armable state...
Local position OK and armable.
Using initial yaw: 91.6 deg
Arming...
Starting offboard...
Taking off to 10 m (smooth)...
Hover 10 s...
Descending (smooth)...
Stopping offboard and landing...
Waiting for vehicle connection...
Connected.
Waiting for local position and armable state...
Local position OK and armable.
Using initial yaw: 91.7 deg
Arming...
Starting offboard...
Taking off to 10 m (smooth)...
Hover 10 s...
Descending (smooth)...
Stopping offboard and landing...
Traceback (most recent call last):
  File "scripts/offboard_mavsdk_hover10_smooth.py", line 6, in <module>
    from mavsdk import System
ModuleNotFoundError: No module named 'mavsdk'
Waiting for vehicle connection...
Connected.
Waiting for local position and armable state...
Local position OK and armable.
Using initial yaw: 91.7 deg
Arming...
Starting offboard...
Taking off to 10 m (smooth)...
Hover 10 s...
Descending (smooth)...
Stopping offboard and landing...
exception calling callback for <Future at 0x71f988530d00 state=finished raised _MultiThreadedRendezvous>
Traceback (most recent call last):
  File "/usr/lib/python3.8/concurrent/futures/thread.py", line 57, in run
    result = self.fn(*self.args, **self.kwargs)
  File "/usr/local/lib/python3.8/dist-packages/aiogrpc/utils.py", line 131, in _next
    return next(self._iterator)
  File "/usr/local/lib/python3.8/dist-packages/grpc/_channel.py", line 541, in __next__
    return self._next()
  File "/usr/local/lib/python3.8/dist-packages/grpc/_channel.py", line 967, in _next
    raise self
grpc._channel._MultiThreadedRendezvous: <_MultiThreadedRendezvous of RPC that terminated with:
	status = StatusCode.CANCELLED
	details = "Locally cancelled by application!"
	debug_error_string = "None"
>

During handling of the above exception, another exception occurred:

Traceback (most recent call last):
  File "/usr/lib/python3.8/concurrent/futures/_base.py", line 328, in _invoke_callbacks
    callback(self)
  File "/usr/lib/python3.8/asyncio/futures.py", line 374, in _call_set_state
    dest_loop.call_soon_threadsafe(_set_state, destination, source)
  File "/usr/lib/python3.8/asyncio/base_events.py", line 764, in call_soon_threadsafe
    self._check_closed()
  File "/usr/lib/python3.8/asyncio/base_events.py", line 508, in _check_closed
    raise RuntimeError('Event loop is closed')
RuntimeError: Event loop is closed
Waiting for vehicle connection...
Connected.
Waiting for local position and armable state...
Local position OK and armable.
Using initial yaw: 91.9 deg
Arming...
Starting offboard...
Taking off to 10 m (smooth)...
Hover 10 s...
Descending (smooth)...
Stopping offboard and landing...
